============================= test session starts =============================
platform win32 -- Python 3.11.9, pytest-8.4.2, pluggy-1.6.0 -- C:\Users\Ankit Bhardwaj\AppData\Local\Microsoft\WindowsApps\PythonSoftwareFoundation.Python.3.11_qbz5n2kfra8p0\python.exe
cachedir: .pytest_cache
rootdir: D:\AnatoMind
plugins: anyio-4.7.0, dash-2.18.1, langsmith-0.4.46
collecting ... collected 0 items / 1 error

=================================== ERRORS ====================================
___________ ERROR collecting services/titans_memory/test_memory.py ____________
ImportError while importing test module 'D:\AnatoMind\services\titans_memory\test_memory.py'.
Hint: make sure your test modules/packages have valid Python names.
Traceback:
C:\Users\Ankit Bhardwaj\AppData\Local\Packages\PythonSoftwareFoundation.Python.3.11_qbz5n2kfra8p0\LocalCache\local-packages\Python311\site-packages\_pytest\python.py:498: in importtestmodule
    mod = import_path(
C:\Users\Ankit Bhardwaj\AppData\Local\Packages\PythonSoftwareFoundation.Python.3.11_qbz5n2kfra8p0\LocalCache\local-packages\Python311\site-packages\_pytest\pathlib.py:587: in import_path
    importlib.import_module(module_name)
C:\Program Files\WindowsApps\PythonSoftwareFoundation.Python.3.11_3.11.2544.0_x64__qbz5n2kfra8p0\Lib\importlib\__init__.py:126: in import_module
    return _bootstrap._gcd_import(name[level:], package, level)
           ^^^^^^^^^^^^^^^^^^^^^^^^^^^^^^^^^^^^^^^^^^^^^^^^^^^^
<frozen importlib._bootstrap>:1204: in _gcd_import
    ???
<frozen importlib._bootstrap>:1176: in _find_and_load
    ???
<frozen importlib._bootstrap>:1147: in _find_and_load_unlocked
    ???
<frozen importlib._bootstrap>:690: in _load_unlocked
    ???
C:\Users\Ankit Bhardwaj\AppData\Local\Packages\PythonSoftwareFoundation.Python.3.11_qbz5n2kfra8p0\LocalCache\local-packages\Python311\site-packages\_pytest\assertion\rewrite.py:186: in exec_module
    exec(co, module.__dict__)
services\titans_memory\test_memory.py:3: in <module>
    from .core import TitansMemory, NeuralMemory
E   ImportError: attempted relative import with no known parent package
=========================== short test summary info ===========================
ERROR services/titans_memory/test_memory.py
!!!!!!!!!!!!!!!!!!! Interrupted: 1 error during collection !!!!!!!!!!!!!!!!!!!!
============================== 1 error in 2.82s ===============================
